// Jest Snapshot v1, https://goo.gl/fbAQLP

exports[`FatalErrorBoundary Should match the snapshot tree when error is manually invoked 1`] = `
<Layer
  dataTest="dhis2-uicore-layer"
  level={2000}
  position="fixed"
>
  <Center
    dataTest="dhis2-uicore-centeredcontent"
    position="middle"
  >
    <div
      className="notice"
    >
      <NoticeBox
        dataTest="dhis2-uicore-noticebox"
        error={true}
        title="Something went wrong"
      >
        <div
          className="link"
          onClick={[Function]}
        >
          Refresh to try again
        </div>
        <div
          className="drawerToggle"
          onClick={[Function]}
        >
          Show technical details
        </div>
        <div
          className="drawerHidden"
        >
          <div
            className="errorIntro"
          >
            An error occurred in the DHIS2 Maps application.
            <br />
            The following information may be requested by technical support.
          </div>
          <div
            className="errorDetails"
          >
            This is the stack
            <br
              key="0"
            />
            ---This is the component stack
            <br
              key="1"
            />
          </div>
        </div>
      </NoticeBox>
    </div>
  </Center>
</Layer>
`;
