// Jest Snapshot v1, https://goo.gl/fbAQLP

exports[`LayerToolbarMoreMenu Should match snapshot 1`] = `
<Fragment>
  <div
    className="moreMenuButton"
    data-test="moremenubutton"
    onClick={[Function]}
  >
    <IconButton
      dataTest="moremenubutton"
      onClick={[Function]}
      tooltip="More actions"
    >
      <MoreHorizIcon />
    </IconButton>
  </div>
  <Popover
    arrow={false}
    dataTest="dhis2-uicore-popover"
    elevation="0 0 1px 0 rgba(64,75,90,0.29), 0 3px 8px -2px rgba(64,75,90,0.30)"
    maxWidth={360}
    onClickOutside={[Function]}
    placement="right-start"
    reference={
      Object {
        "current": undefined,
      }
    }
  >
    <div
      className="menu"
    >
      <Menu
        dataTest="dhis2-uicore-menulist"
        dense={true}
      >
        <MenuItem
          dataTest="dhis2-uicore-menuitem"
          icon={<UNDEFINED />}
          label="Show data table"
          onClick={[Function]}
        />
        <MenuItem
          dataTest="dhis2-uicore-menuitem"
          icon={<UNDEFINED />}
          label="Download data"
          onClick={[Function]}
        />
        <Divider
          dataTest="dhis2-uicore-divider"
          margin="8px 0"
        />
        <MenuItem
          dataTest="dhis2-uicore-menuitem"
          icon={<UNDEFINED />}
          label="Edit layer"
          onClick={[Function]}
        />
        <MenuItem
          dataTest="dhis2-uicore-menuitem"
          icon={<UNDEFINED />}
          label="Remove layer"
          onClick={[Function]}
        />
      </Menu>
    </div>
  </Popover>
</Fragment>
`;
