// Jest Snapshot v1, https://goo.gl/fbAQLP

exports[`LayerToolbarMoreMenu Should match snapshot 1`] = `
<Fragment>
  <WithStyles(ForwardRef(Tooltip))
    title="More actions"
  >
    <WithStyles(ForwardRef(IconButton))
      onClick={[Function]}
    >
      <MoreHorizIcon />
    </WithStyles(ForwardRef(IconButton))>
  </WithStyles(ForwardRef(Tooltip))>
  <WithStyles(ForwardRef(Menu))
    anchorEl={null}
    anchorOrigin={
      Object {
        "horizontal": "left",
        "vertical": "bottom",
      }
    }
    disableRestoreFocus={true}
    getContentAnchorEl={null}
    onClose={[Function]}
    open={false}
  >
    <WithStyles(ForwardRef(MenuItem))
      onClick={[Function]}
    >
      <WithStyles(ForwardRef(ListItemIcon))>
        <ViewListIcon />
      </WithStyles(ForwardRef(ListItemIcon))>
      <WithStyles(ForwardRef(ListItemText))
        primary="Data table"
      />
    </WithStyles(ForwardRef(MenuItem))>
    <WithStyles(ForwardRef(MenuItem))
      onClick={[Function]}
    >
      <WithStyles(ForwardRef(ListItemIcon))>
        <SaveAltIcon />
      </WithStyles(ForwardRef(ListItemIcon))>
      <WithStyles(ForwardRef(ListItemText))
        primary="Download data"
      />
    </WithStyles(ForwardRef(MenuItem))>
    <WithStyles(ForwardRef(Divider))
      light={true}
    />
    <WithStyles(ForwardRef(MenuItem))
      onClick={[Function]}
    >
      <WithStyles(ForwardRef(ListItemIcon))>
        <CreateIcon />
      </WithStyles(ForwardRef(ListItemIcon))>
      <WithStyles(ForwardRef(ListItemText))
        primary="Edit layer"
      />
    </WithStyles(ForwardRef(MenuItem))>
    <WithStyles(ForwardRef(MenuItem))
      onClick={[Function]}
    >
      <WithStyles(ForwardRef(ListItemIcon))>
        <DeleteIcon />
      </WithStyles(ForwardRef(ListItemIcon))>
      <WithStyles(ForwardRef(ListItemText))
        primary="Remove layer"
      />
    </WithStyles(ForwardRef(MenuItem))>
  </WithStyles(ForwardRef(Menu))>
</Fragment>
`;
