// Jest Snapshot v1, https://goo.gl/fbAQLP

exports[`DownloadButton Should render a download button and a dialog component 1`] = `
<Fragment>
  <WithStyles(ForwardRef(Button))
    classes={
      Object {
        "label": undefined,
      }
    }
    key="button"
    onClick={[Function]}
  >
    Download
  </WithStyles(ForwardRef(Button))>
  <Connect(WithStyles(DownloadDialog)) />
</Fragment>
`;
