// Jest Snapshot v1, https://goo.gl/fbAQLP

exports[`DownloadDialog Should match snapshot when showDialog is true 1`] = `
<Modal
  dataTest="dhis2-uicore-modal"
  onClose={[Function]}
  open={true}
  position="middle"
  small={true}
>
  <ModalTitle
    dataTest="dhis2-uicore-modaltitle"
  >
    Download map
  </ModalTitle>
  <ModalContent
    className="modalContent"
    dataTest="dhis2-uicore-modalcontent"
  >
    <Checkbox
      checked={false}
      className="checkbox"
      dataTest="dhis2-uicore-checkbox"
      disabled={true}
      label="Show name"
      onChange={[Function]}
    />
    <Checkbox
      checked={false}
      className="checkbox"
      dataTest="dhis2-uicore-checkbox"
      disabled={true}
      label="Show legend"
      onChange={[Function]}
    />
  </ModalContent>
  <ModalActions
    dataTest="dhis2-uicore-modalactions"
  >
    <ButtonStrip
      dataTest="dhis2-uicore-buttonstrip"
      end={true}
    >
      <Button
        dataTest="dhis2-uicore-button"
        onClick={[Function]}
        secondary={true}
        type="button"
      >
        Cancel
      </Button>
      <Button
        dataTest="dhis2-uicore-button"
        onClick={[Function]}
        primary={true}
        type="button"
      >
        Download
      </Button>
    </ButtonStrip>
  </ModalActions>
</Modal>
`;