// Jest Snapshot v1, https://goo.gl/fbAQLP

exports[`DownloadDialog Should match snapshot when showDialog is true 1`] = `
<WithStyles(ForwardRef(Dialog))
  onClose={[Function]}
  open={true}
>
  <WithStyles(ForwardRef(DialogTitle))
    disableTypography={true}
  >
    Download map
  </WithStyles(ForwardRef(DialogTitle))>
  <WithStyles(ForwardRef(DialogContent))>
    <div>
      <WithStyles(Checkbox)
        checked={false}
        disabled={true}
        label="Show name"
        onCheck={[Function]}
      />
    </div>
    <div>
      <WithStyles(Checkbox)
        checked={false}
        disabled={true}
        label="Show legend"
        onCheck={[Function]}
      />
    </div>
  </WithStyles(ForwardRef(DialogContent))>
  <WithStyles(ForwardRef(DialogActions))>
    <WithStyles(ForwardRef(Button))
      color="primary"
      onClick={[Function]}
    >
      Cancel
    </WithStyles(ForwardRef(Button))>
    <WithStyles(ForwardRef(Button))
      color="primary"
      onClick={[Function]}
      variant="contained"
    >
      Download
    </WithStyles(ForwardRef(Button))>
  </WithStyles(ForwardRef(DialogActions))>
</WithStyles(ForwardRef(Dialog))>
`;
